{}
---
<!doctype html>
  <title>Index</title>

  <style type="text/css">
    .important { color: #336699; }
  </style>
  <h1>Index</h1>
  <p class="important">
    Welcome to my awesome homepage.
  </p>

