


  This is a big expression! true

      This is a nested block true


